1 home desktop-1440x900 dark PASS iw=1440 pad=28px nav=809x39 sw=1440
2 artists desktop-1440x900 dark PASS iw=1440 pad=28px nav=809x39 sw=1440
3 artist-leonardo desktop-1440x900 dark PASS iw=1440 pad=28px nav=809x39 sw=1440
4 artwork-david desktop-1440x900 dark PASS iw=1440 pad=28px nav=809x39 sw=1440
5 explore desktop-1440x900 dark PASS iw=1440 pad=28px nav=809x39 sw=1440
6 timeline desktop-1440x900 dark PASS iw=1440 pad=28px nav=809x39 sw=1440
7 influences desktop-1440x900 dark PASS iw=1440 pad=28px nav=809x39 sw=1440
8 museums desktop-1440x900 dark PASS iw=1440 pad=28px nav=809x39 sw=1440
9 museum-louvre desktop-1440x900 dark PASS iw=1440 pad=28px nav=809x39 sw=1440
10 lists desktop-1440x900 dark PASS iw=1440 pad=28px nav=809x39 sw=1440
11 palette desktop-1440x900 dark PASS iw=1440 pad=28px nav=809x39 sw=1440
12 taste desktop-1440x900 dark PASS iw=1440 pad=28px nav=809x39 sw=1440
13 daily desktop-1440x900 dark PASS iw=1440 pad=28px nav=809x39 sw=1440
14 privacy desktop-1440x900 dark PASS iw=1440 pad=28px nav=809x39 sw=1440
15 credits desktop-1440x900 dark PASS iw=1440 pad=28px nav=809x39 sw=1440
16 invalid-route desktop-1440x900 dark PASS iw=1440 pad=28px nav=809x39 sw=1440
17 home mobile-390x844 dark PASS iw=390 pad=16px nav=358x35 sw=390
18 artists mobile-390x844 dark PASS iw=390 pad=16px nav=358x35 sw=390
19 artist-leonardo mobile-390x844 dark PASS iw=390 pad=16px nav=358x35 sw=390
20 artwork-david mobile-390x844 dark PASS iw=390 pad=16px nav=358x35 sw=390
21 explore mobile-390x844 dark PASS iw=390 pad=16px nav=358x35 sw=390
22 timeline mobile-390x844 dark PASS iw=390 pad=16px nav=358x35 sw=390
23 influences mobile-390x844 dark PASS iw=390 pad=16px nav=358x35 sw=390
24 museums mobile-390x844 dark PASS iw=390 pad=16px nav=358x35 sw=390
25 museum-louvre mobile-390x844 dark PASS iw=390 pad=16px nav=358x35 sw=390
26 lists mobile-390x844 dark PASS iw=390 pad=16px nav=358x35 sw=390
27 palette mobile-390x844 dark PASS iw=390 pad=16px nav=358x35 sw=390
28 taste mobile-390x844 dark PASS iw=390 pad=16px nav=358x35 sw=390
29 daily mobile-390x844 dark PASS iw=390 pad=16px nav=358x35 sw=390
30 privacy mobile-390x844 dark PASS iw=390 pad=16px nav=358x35 sw=390
31 credits mobile-390x844 dark PASS iw=390 pad=16px nav=358x35 sw=390
32 invalid-route mobile-390x844 dark PASS iw=390 pad=16px nav=358x35 sw=390
33 home desktop-1440x900 light PASS iw=1440 pad=28px nav=809x39 sw=1440
34 artists desktop-1440x900 light PASS iw=1440 pad=28px nav=809x39 sw=1440
35 artist-leonardo desktop-1440x900 light PASS iw=1440 pad=28px nav=809x39 sw=1440
36 artwork-david desktop-1440x900 light PASS iw=1440 pad=28px nav=809x39 sw=1440
37 explore desktop-1440x900 light PASS iw=1440 pad=28px nav=809x39 sw=1440
38 timeline desktop-1440x900 light PASS iw=1440 pad=28px nav=809x39 sw=1440
39 influences desktop-1440x900 light PASS iw=1440 pad=28px nav=809x39 sw=1440
40 museums desktop-1440x900 light PASS iw=1440 pad=28px nav=809x39 sw=1440
41 museum-louvre desktop-1440x900 light PASS iw=1440 pad=28px nav=809x39 sw=1440
42 lists desktop-1440x900 light PASS iw=1440 pad=28px nav=809x39 sw=1440
43 palette desktop-1440x900 light PASS iw=1440 pad=28px nav=809x39 sw=1440
44 taste desktop-1440x900 light PASS iw=1440 pad=28px nav=809x39 sw=1440
45 daily desktop-1440x900 light PASS iw=1440 pad=28px nav=809x39 sw=1440
46 privacy desktop-1440x900 light PASS iw=1440 pad=28px nav=809x39 sw=1440
47 credits desktop-1440x900 light PASS iw=1440 pad=28px nav=809x39 sw=1440
48 invalid-route desktop-1440x900 light PASS iw=1440 pad=28px nav=809x39 sw=1440
49 home mobile-390x844 light PASS iw=390 pad=16px nav=358x35 sw=390
50 artists mobile-390x844 light PASS iw=390 pad=16px nav=358x35 sw=390
51 artist-leonardo mobile-390x844 light PASS iw=390 pad=16px nav=358x35 sw=390
52 artwork-david mobile-390x844 light PASS iw=390 pad=16px nav=358x35 sw=390
53 explore mobile-390x844 light PASS iw=390 pad=16px nav=358x35 sw=390
54 timeline mobile-390x844 light PASS iw=390 pad=16px nav=358x35 sw=390
55 influences mobile-390x844 light PASS iw=390 pad=16px nav=358x35 sw=390
56 museums mobile-390x844 light PASS iw=390 pad=16px nav=358x35 sw=390
57 museum-louvre mobile-390x844 light PASS iw=390 pad=16px nav=358x35 sw=390
58 lists mobile-390x844 light PASS iw=390 pad=16px nav=358x35 sw=390
59 palette mobile-390x844 light PASS iw=390 pad=16px nav=358x35 sw=390
60 taste mobile-390x844 light PASS iw=390 pad=16px nav=358x35 sw=390
61 daily mobile-390x844 light PASS iw=390 pad=16px nav=358x35 sw=390
62 privacy mobile-390x844 light PASS iw=390 pad=16px nav=358x35 sw=390
63 credits mobile-390x844 light PASS iw=390 pad=16px nav=358x35 sw=390
64 invalid-route mobile-390x844 light PASS iw=390 pad=16px nav=358x35 sw=390

TOTAL 64 FAILED ASSERTIONS 0
